// Vitest Snapshot v1, https://vitest.dev/guide/snapshot.html

exports[`sanitize bypass corpus — the recorded profile behaviour (documentation) > matches the recorded output for every payload 1`] = `
{
  "css-style-attribute-url": "<p>t</p>",
  "css-style-import": "",
  "dom-clobbering-id": "<a></a>",
  "dom-clobbering-nested-name": "",
  "handler-body-onload-injection": "",
  "handler-details-ontoggle": "",
  "handler-img-onerror": "<img src="x">",
  "handler-input-autofocus-onfocus": "",
  "handler-legacy-image-alias": "<img src="x">",
  "handler-malformed-tag-prefix": "&lt;/script&gt;",
  "handler-svg-onload": "",
  "handler-uppercase-and-spacing": "<img src="x">",
  "handler-video-source-onerror": "",
  "link-stylesheet-remote": "",
  "meta-refresh-redirect": "",
  "mixed-article-with-vectors": "<h2>Title</h2><p class="lead">Intro <strong>bold</strong></p><ul><li>one</li><li><img src="https://ok.test/i.png" alt="a"></li></ul><a href="https://ok.test">link</a><table><tbody><tr><td>cell</td></tr></tbody></table>",
  "mxss-bogus-comment": "<img src="x">",
  "mxss-comment-boundary-title": "<p></p>",
  "mxss-form-nesting": "<img src="x">",
  "mxss-listing-raw-text": "<img src="x">",
  "mxss-mathml-malignmark": "",
  "mxss-mathml-mglyph-style-comment": "",
  "mxss-nested-template-noscript": "",
  "mxss-noscript-parsing-divergence": "<p></p>",
  "mxss-plaintext-raw-text": "",
  "mxss-select-style": "",
  "mxss-svg-desc-namespace-confusion": "",
  "mxss-svg-foreignobject": "",
  "mxss-svg-style-comment": "",
  "mxss-table-caption-svg": "<table><caption></caption></table>",
  "mxss-template-content-fragment": "",
  "mxss-xmp-raw-text": "",
  "target-blank-tabnabbing": "<a href="https://ok.test">x</a>",
  "uri-base-href-hijack": "<a href="/x">link</a>",
  "uri-data-html": "<a>x</a>",
  "uri-formaction-override": "go",
  "uri-iframe-srcdoc": "",
  "uri-javascript-entity-encoded": "<a>x</a>",
  "uri-javascript-leading-control-char": "<a>x</a>",
  "uri-javascript-newline-obfuscated": "<a>x</a>",
  "uri-javascript-plain": "<a>x</a>",
  "uri-javascript-tab-obfuscated": "<a>x</a>",
  "uri-math-href": "",
  "uri-object-data": "",
  "uri-srcset-carrier": "<img src="https://ok.test/i.png">",
  "uri-svg-animate-href": "",
}
`;

exports[`sanitize bypass corpus — the recorded profile behaviour (documentation) > records the profile itself, so a widening edit shows up in review 1`] = `
{
  "attributes": [
    "alt",
    "class",
    "colspan",
    "dir",
    "height",
    "href",
    "lang",
    "rowspan",
    "scope",
    "src",
    "title",
    "width",
  ],
  "tags": [
    "a",
    "abbr",
    "b",
    "blockquote",
    "br",
    "caption",
    "code",
    "dd",
    "div",
    "dl",
    "dt",
    "em",
    "figcaption",
    "figure",
    "h1",
    "h2",
    "h3",
    "h4",
    "h5",
    "h6",
    "hr",
    "i",
    "img",
    "li",
    "ol",
    "p",
    "pre",
    "q",
    "s",
    "small",
    "span",
    "strong",
    "sub",
    "sup",
    "table",
    "tbody",
    "td",
    "tfoot",
    "th",
    "thead",
    "tr",
    "u",
    "ul",
  ],
  "uriSchemes": [
    "http",
    "https",
    "mailto",
  ],
}
`;
